1569.lean:2:26-2:30: error: unknown identifier 'typo'
